--- Accuracy Metrics (2026-03-19T15:20:40.872114+00:00) ---
Per-threshold table:
threshold | precision | recall | f1    | far   | frr   | gap_far_frr
----------+-----------+--------+-------+-------+-------+------------
0         | 0.435     | 1.000  | 0.606 | 1.000 | 0.000 | 1.000      
5         | 0.435     | 1.000  | 0.606 | 1.000 | 0.000 | 1.000      
10        | 0.435     | 1.000  | 0.606 | 1.000 | 0.000 | 1.000      
15        | 0.435     | 1.000  | 0.606 | 1.000 | 0.000 | 1.000      
20        | 0.435     | 1.000  | 0.606 | 0.999 | 0.000 | 0.999      
25        | 0.436     | 1.000  | 0.607 | 0.997 | 0.000 | 0.997      
30        | 0.443     | 1.000  | 0.614 | 0.968 | 0.000 | 0.968      
35        | 0.465     | 1.000  | 0.635 | 0.885 | 0.000 | 0.885      
40        | 0.515     | 1.000  | 0.680 | 0.724 | 0.000 | 0.724      
45        | 0.611     | 1.000  | 0.758 | 0.490 | 0.000 | 0.490      
50        | 0.756     | 1.000  | 0.861 | 0.249 | 0.000 | 0.249      
55        | 0.927     | 1.000  | 0.962 | 0.060 | 0.000 | 0.060      
60        | 0.984     | 0.997  | 0.990 | 0.012 | 0.003 | 0.009      
65        | 0.994     | 0.966  | 0.980 | 0.005 | 0.034 | 0.029      
70        | 1.000     | 0.892  | 0.943 | 0.000 | 0.108 | 0.107      
75        | 1.000     | 0.745  | 0.854 | 0.000 | 0.255 | 0.255      
80        | 1.000     | 0.556  | 0.715 | 0.000 | 0.444 | 0.444      
85        | 1.000     | 0.385  | 0.556 | 0.000 | 0.615 | 0.615      
90        | 1.000     | 0.271  | 0.426 | 0.000 | 0.729 | 0.729      
95        | 1.000     | 0.200  | 0.333 | 0.000 | 0.800 | 0.800      
100       | 1.000     | 0.200  | 0.333 | 0.000 | 0.800 | 0.800      

Benchmark summary:
best_f1_threshold | best_f1 | eer_threshold | eer  
------------------+---------+---------------+------
60                | 0.990   | 61.183        | 0.010

